define void @fun() #0 {
	ret void
}

attributes #0 = { cold }
