define i32 @foo() {
	br label %"foo`~!@#$%^&*()-_=+{}[]\5C\5C|;:',<.>/?"

"foo`~!@#$%^&*()-_=+{}[]\5C\5C|;:',<.>/?":
	ret i32 17
}
