@junk = global i32 0

define i32* @somefunk() {
	ret i32* @junk
}
