define i32 @f_1(i32 %x) {
	%tmp = call i32 @f_1(i32 0) [ "deopt"() ]
	ret i32 0
}
