define void @foo() {
	ret void
}

define i32 @bar() {
	call void @foo()
	%sum = add i32 0, 1
	ret i32 0
}

define weak_odr zeroext i1 @baz() {
	ret i1 false
}

define i32 @boom() {
	%retval = musttail call i32 @bar()
	ret i32 %retval
}
