!llvm.dbg.cu = !{!0}
!llvm.module.flags = !{!7}
!llvm.ident = !{!8}

!0 = distinct !DICompileUnit(language: DW_LANG_C99, file: !1, producer: "clang version 4.0.0 (trunk 276746)", isOptimized: false, runtimeVersion: 0, emissionKind: FullDebug, enums: !2, macros: !3)
!1 = !DIFile(filename: "t.c", directory: "/")
!2 = !{}
!3 = !{!4}
!4 = !DIMacroFile(line: 0, file: !1, nodes: !5)
!5 = !{!6}
!6 = !DIMacro(type: DW_MACINFO_define, line: 3, name: "X", value: "5")
!7 = !{i32 2, !"Debug Info Version", i32 3}
!8 = !{!"clang version 4.0.0 (trunk 276746)"}
